C:\Users\Monu Kumar\OneDrive\Desktop\journalApp\src\main\java\net\engineeringdigest\journalApp\controller\HealthCheck.java
C:\Users\Monu Kumar\OneDrive\Desktop\journalApp\src\main\java\net\engineeringdigest\journalApp\repository\UserRepository.java
C:\Users\Monu Kumar\OneDrive\Desktop\journalApp\src\main\java\net\engineeringdigest\journalApp\controller\UserController.java
C:\Users\Monu Kumar\OneDrive\Desktop\journalApp\src\main\java\net\engineeringdigest\journalApp\service\JournalEntryService.java
C:\Users\Monu Kumar\OneDrive\Desktop\journalApp\src\main\java\net\engineeringdigest\journalApp\config\MongoConfig.java
C:\Users\Monu Kumar\OneDrive\Desktop\journalApp\src\main\java\net\engineeringdigest\journalApp\JournalApplication.java
C:\Users\Monu Kumar\OneDrive\Desktop\journalApp\src\main\java\net\engineeringdigest\journalApp\config\SpringSecurity.java
C:\Users\Monu Kumar\OneDrive\Desktop\journalApp\src\main\java\net\engineeringdigest\journalApp\entity\JournalEntry.java
C:\Users\Monu Kumar\OneDrive\Desktop\journalApp\src\main\java\net\engineeringdigest\journalApp\entity\User.java
C:\Users\Monu Kumar\OneDrive\Desktop\journalApp\src\main\java\net\engineeringdigest\journalApp\service\UserService.java
C:\Users\Monu Kumar\OneDrive\Desktop\journalApp\src\main\java\net\engineeringdigest\journalApp\repository\JournalEntryRepository.java
C:\Users\Monu Kumar\OneDrive\Desktop\journalApp\src\main\java\net\engineeringdigest\journalApp\controller\JournalEntryController.java
